---
source: src/lib.rs
expression: ret
---
{a = "0", b = "0", c = "0", d = "0"} 123
{a = "1", b = "2", c = "3", d = "4"} 456
